C51 COMPILER V9.54   LED                                                                   04/02/2025 21:53:28 PAGE 1   


C51 COMPILER V9.54, COMPILATION OF MODULE LED
OBJECT MODULE PLACED IN .\Objects\LED.obj
COMPILER INVOKED BY: C:\Keil_v5\C51\BIN\C51.EXE LED.c OPTIMIZE(8,SPEED) BROWSE DEBUG OBJECTEXTEND PRINT(.\Listings\LED.l
                    -st) TABS(2) OBJECT(.\Objects\LED.obj)

line level    source

   1          #include <reg51.h>
   2          #include <math.h>
   3          #include <absacc.h>
   4          #include <intrins.h>
   5          
   6          #include "led.h"
   7          #include "global.h"
   8          
   9          void dsptask()
  10          {
  11   1          unsigned char i;
  12   1          unsigned char a, b;
  13   1      
  14   1          // 第一部分：位选信号
  15   1          switch (sel)
  16   1          {
  17   2          case 0:
  18   2              a = 0x01;
  19   2              break;
  20   2          case 1:
  21   2              a = 0x02;
  22   2              break;
  23   2          case 2:
  24   2              a = 0x04;
  25   2              break;
  26   2          case 3:
  27   2              a = 0x08;
  28   2              break;
  29   2          case 4:
  30   2              a = 0x10;
  31   2              break;
  32   2          }
  33   1      
  34   1          // 位移输出位选信号
  35   1          for (b = 0x80, i = 0; i < 8; i++)
  36   1          {
  37   2              D_SER = (a & b) ? 1 : 0;
  38   2              D_SRCLK = 0;
  39   2              D_SRCLK = 1;
  40   2              b >>= 1;
  41   2          }
  42   1      
  43   1          // 第二部分：段选信号生成
  44   1          if (sel < 4)
  45   1          {
  46   2              // 正常数码管显示
  47   2              a = dspbuf[sel];
  48   2              key_num = sel;
  49   2          }
  50   1          else
  51   1          {
  52   2              // LED模式控制
  53   2              switch (workMode)
  54   2              {
C51 COMPILER V9.54   LED                                                                   04/02/2025 21:53:28 PAGE 2   

  55   3              case MODE_1:
  56   3                  a = 0xF7;
  57   3                  break;
  58   3              case MODE_2:
  59   3                  a = 0xFB;
  60   3                  break;
  61   3              case MODE_3:
  62   3                  a = 0xFD;
  63   3                  break;
  64   3              default:
  65   3                  a = 0xFF;
  66   3              }
  67   2          }
  68   1      
  69   1          // 位移输出段选信号
  70   1          for (b = 0x80, i = 0; i < 8; i++)
  71   1          {
  72   2              D_SER = (a & b) ? 1 : 0;
  73   2              D_SRCLK = 0;
  74   2              D_SRCLK = 1;
  75   2              b >>= 1;
  76   2          }
  77   1      
  78   1          // 锁存输出
  79   1          D_RCLK = 0;
  80   1          D_RCLK = 1;
  81   1          D_RCLK = 0;
  82   1      
  83   1          // 循环控制（数码管0-3，LED控制4）
  84   1          sel++;
  85   1          if (sel > 4) sel = 0;
  86   1      }
  87          
  88          
  89          void fdisp(unsigned char n, unsigned char m)
  90          {
  91   1          char  c;
  92   1          switch (n)
  93   1          {
  94   2          case 0:
  95   2              c = 0x11;
  96   2              break;
  97   2          case 1:
  98   2              c = 0x7d;
  99   2              break;
 100   2          case 2:
 101   2              c = 0x23;
 102   2              break;
 103   2          case 3:
 104   2              c = 0x29;
 105   2              break;
 106   2          case 4:
 107   2              c = 0x4d;
 108   2              break;
 109   2          case 5:
 110   2              c = 0x89;
 111   2              break;
 112   2          case 6:
 113   2              c = 0x81;
 114   2              break;
 115   2          case 7:
 116   2              c = 0x3d;
C51 COMPILER V9.54   LED                                                                   04/02/2025 21:53:28 PAGE 3   

 117   2              break;
 118   2          case 8:
 119   2              c = 0x01;
 120   2              break;
 121   2          case 9:
 122   2              c = 0x09;
 123   2              break;
 124   2          case 10:
 125   2              c = 0x10;
 126   2              break;
 127   2          case 11:
 128   2              c = 0x7c;
 129   2              break;
 130   2          case 12:
 131   2              c = 0x22;
 132   2              break;
 133   2          case 13:
 134   2              c = 0x28;
 135   2              break;
 136   2          case 14:
 137   2              c = 0x4c;
 138   2              break;
 139   2          case 15:
 140   2              c = 0x88;
 141   2              break;
 142   2          case 16:
 143   2              c = 0x80;
 144   2              break;
 145   2          case 17:
 146   2              c = 0x3c;
 147   2              break;
 148   2          case 18:
 149   2              c = 0x00;
 150   2              break;
 151   2          case 19:
 152   2              c = 0x08;
 153   2              break;
 154   2          case 20:  // ???"U"??
 155   2              c = 0x51;  // ????:g???,???
 156   2              break;
 157   2          case 21:  // ???"F"??
 158   2              c = 0x87;  // ??:a+g??
 159   2              break;
 160   2          case 22:  // -
 161   2              c = 0xef;  // -
 162   2              break;
 163   2          default:
 164   2              c = 0x11;
 165   2          }
 166   1          dspbuf[m] = c;
 167   1      }


MODULE INFORMATION:   STATIC OVERLAYABLE
   CODE SIZE        =    341    ----
   CONSTANT SIZE    =   ----    ----
   XDATA SIZE       =   ----    ----
   PDATA SIZE       =   ----    ----
   DATA SIZE        =   ----    ----
   IDATA SIZE       =   ----    ----
   BIT SIZE         =   ----    ----
END OF MODULE INFORMATION.

C51 COMPILER V9.54   LED                                                                   04/02/2025 21:53:28 PAGE 4   


C51 COMPILATION COMPLETE.  0 WARNING(S),  0 ERROR(S)
